// Jest Snapshot v1, https://goo.gl/fbAQLP

exports[`StyledDot.js matches the snapshot 1`] = `
<span
  className="css-r1lieg"
  color="green"
  height={30}
  reversed={false}
  width={30}
/>
`;
