// Jest Snapshot v1, https://goo.gl/fbAQLP

exports[`Dot.js matches the snapshot 1`] = `
<span
  className="dot css-1moydnc"
  color="green"
  height={40}
  reversed={false}
  width={40}
/>
`;
