// Jest Snapshot v1, https://goo.gl/fbAQLP

exports[`Progress.js matches the snapshot 1`] = `
<div
  className="css-fc62n7 progress"
/>
`;
