// Jest Snapshot v1, https://goo.gl/fbAQLP

exports[`SlidableZone.js matches the snapshot 1`] = `
<div
  className="css-1r9s984"
  size={40}
/>
`;
