// Jest Snapshot v1, https://goo.gl/fbAQLP

exports[`StyledSlider.js matches the snapshot 1`] = `
<div
  className="css-p5eloh"
  height={20}
  readOnly={false}
  width={1000}
/>
`;
