// Jest Snapshot v1, https://goo.gl/fbAQLP

exports[`StyledDot.js matches the snapshot 1`] = `
<span
  className="css-154r8lw"
/>
`;
