// Jest Snapshot v1, https://goo.gl/fbAQLP

exports[`Dot.js matches the snapshot 1`] = `
<span
  className="css-mitn85 dot"
/>
`;
