// Jest Snapshot v1, https://goo.gl/fbAQLP

exports[`StyledProgress.js matches the snapshot 1`] = `
<div
  className="css-jhmfph"
/>
`;
