// Jest Snapshot v1, https://goo.gl/fbAQLP

exports[`StyledSlider.js matches the snapshot 1`] = `
<div
  className="css-975bpe"
  readOnly={false}
/>
`;
